2025-04-13T11:33:48+00:00 ERROR Key Id and Key Secret are required.
2025-04-13T11:33:48+00:00 INFO Trying to create one_cc_address_sync_cron
2025-04-13T11:33:48+00:00 INFO Failed to create one_cc_address_sync_cron as invalid one cc merchant
2025-04-13T11:33:48+00:00 INFO Attempting to delete one_cc_address_sync_cron, status: cancelled, message: invalid_1cc_merchant
2025-04-13T11:33:48+00:00 INFO Deleted one_cc_address_sync_cron  if exists
2025-04-13T11:33:48+00:00 INFO updateAddressSyncCronData: status=cancelled, message=invalid_1cc_merchant, cronStatus=deleted
2025-04-13T11:33:48+00:00 INFO updateAddressSyncCronData:530 - Updating option: ONE_CC_ADDRESS_SYNC_CRON_HOOK
2025-04-13T11:33:48+00:00 INFO updateAddressSyncCronData:532 -  Successfully Updated Option: ONE_CC_ADDRESS_SYNC_CRON_HOOK
2025-04-13T11:33:48+00:00 INFO create one_cc_plugin_sync_cron successful
2025-04-13T11:38:20+00:00 ERROR Authentication failed
2025-04-13T11:38:21+00:00 INFO Running webhook cron.
2025-04-13T11:38:21+00:00 INFO Webhook cron execution completed.
2025-04-13T11:38:35+00:00 ERROR Authentication failed
2025-04-13T11:38:42+00:00 ERROR Authentication failed
2025-04-13T11:43:32+00:00 INFO Running webhook cron.
2025-04-13T11:43:33+00:00 INFO Webhook cron execution completed.
2025-04-13T11:48:41+00:00 INFO Running webhook cron.
2025-04-13T11:48:41+00:00 INFO Webhook cron execution completed.
2025-04-13T11:54:51+00:00 INFO Running webhook cron.
2025-04-13T11:54:51+00:00 INFO Webhook cron execution completed.
2025-04-13T11:59:00+00:00 INFO Running webhook cron.
2025-04-13T11:59:00+00:00 INFO Webhook cron execution completed.
2025-04-13T12:04:05+00:00 INFO Running webhook cron.
2025-04-13T12:04:05+00:00 INFO Webhook cron execution completed.
2025-04-13T12:09:10+00:00 INFO Running webhook cron.
2025-04-13T12:09:10+00:00 INFO Webhook cron execution completed.
2025-04-13T12:14:17+00:00 INFO Running webhook cron.
2025-04-13T12:14:17+00:00 INFO Webhook cron execution completed.
2025-04-13T12:18:22+00:00 INFO Running webhook cron.
2025-04-13T12:18:22+00:00 INFO Webhook cron execution completed.
2025-04-13T12:23:21+00:00 INFO Running webhook cron.
2025-04-13T12:23:21+00:00 INFO Webhook cron execution completed.
2025-04-13T12:29:24+00:00 INFO Running webhook cron.
2025-04-13T12:29:24+00:00 INFO Webhook cron execution completed.
2025-04-13T12:34:39+00:00 INFO Running webhook cron.
2025-04-13T12:34:40+00:00 INFO Webhook cron execution completed.
2025-04-13T12:39:03+00:00 INFO Running webhook cron.
2025-04-13T12:39:03+00:00 INFO Webhook cron execution completed.
2025-04-13T12:43:15+00:00 INFO Running webhook cron.
2025-04-13T12:43:15+00:00 INFO Webhook cron execution completed.
2025-04-13T12:48:22+00:00 INFO Running webhook cron.
2025-04-13T12:48:22+00:00 INFO Webhook cron execution completed.
2025-04-13T12:53:20+00:00 INFO Running webhook cron.
2025-04-13T12:53:20+00:00 INFO Webhook cron execution completed.
2025-04-13T12:58:14+00:00 INFO Running webhook cron.
2025-04-13T12:58:14+00:00 INFO Webhook cron execution completed.
2025-04-13T13:03:20+00:00 INFO Running webhook cron.
2025-04-13T13:03:20+00:00 INFO Webhook cron execution completed.
2025-04-13T13:08:05+00:00 INFO Running webhook cron.
2025-04-13T13:08:05+00:00 INFO Webhook cron execution completed.
2025-04-13T13:14:35+00:00 INFO Running webhook cron.
2025-04-13T13:14:35+00:00 INFO Webhook cron execution completed.
2025-04-13T13:18:51+00:00 INFO Running webhook cron.
2025-04-13T13:18:51+00:00 INFO Webhook cron execution completed.
2025-04-13T13:23:11+00:00 INFO Running webhook cron.
2025-04-13T13:23:11+00:00 INFO Webhook cron execution completed.
2025-04-13T13:29:25+00:00 INFO Running webhook cron.
2025-04-13T13:29:25+00:00 INFO Webhook cron execution completed.
2025-04-13T13:31:42+00:00 ERROR Authentication failed
2025-04-13T13:34:01+00:00 INFO Running webhook cron.
2025-04-13T13:34:01+00:00 INFO Webhook cron execution completed.
2025-04-13T13:38:43+00:00 INFO Running webhook cron.
2025-04-13T13:38:43+00:00 INFO Webhook cron execution completed.
2025-04-13T14:11:20+00:00 INFO Running webhook cron.
2025-04-13T14:11:20+00:00 INFO Webhook cron execution completed.
2025-04-13T14:14:36+00:00 INFO Running webhook cron.
2025-04-13T14:14:36+00:00 INFO Webhook cron execution completed.
2025-04-13T14:19:07+00:00 INFO Running webhook cron.
2025-04-13T14:19:07+00:00 INFO Webhook cron execution completed.
2025-04-13T14:23:50+00:00 INFO Running webhook cron.
2025-04-13T14:23:50+00:00 INFO Webhook cron execution completed.
2025-04-13T14:28:25+00:00 INFO Running webhook cron.
2025-04-13T14:28:25+00:00 INFO Webhook cron execution completed.
2025-04-13T14:33:17+00:00 INFO Running webhook cron.
2025-04-13T14:33:17+00:00 INFO Webhook cron execution completed.
2025-04-13T14:39:39+00:00 INFO Running webhook cron.
2025-04-13T14:39:39+00:00 INFO Webhook cron execution completed.
2025-04-13T14:44:03+00:00 INFO Running webhook cron.
2025-04-13T14:44:03+00:00 INFO Webhook cron execution completed.
2025-04-13T14:51:03+00:00 INFO Running webhook cron.
2025-04-13T14:51:03+00:00 INFO Webhook cron execution completed.
2025-04-13T14:53:19+00:00 INFO Running webhook cron.
2025-04-13T14:53:19+00:00 INFO Webhook cron execution completed.
2025-04-13T14:58:04+00:00 INFO Running webhook cron.
2025-04-13T14:58:04+00:00 INFO Webhook cron execution completed.
2025-04-13T15:04:33+00:00 INFO Running webhook cron.
2025-04-13T15:04:33+00:00 INFO Webhook cron execution completed.
2025-04-13T15:08:19+00:00 INFO Running webhook cron.
2025-04-13T15:08:19+00:00 INFO Webhook cron execution completed.
2025-04-13T15:13:09+00:00 INFO Running webhook cron.
2025-04-13T15:13:09+00:00 INFO Webhook cron execution completed.
2025-04-13T15:18:20+00:00 INFO Running webhook cron.
2025-04-13T15:18:20+00:00 INFO Webhook cron execution completed.
2025-04-13T15:23:18+00:00 INFO Running webhook cron.
2025-04-13T15:23:18+00:00 INFO Webhook cron execution completed.
2025-04-13T15:28:07+00:00 INFO Running webhook cron.
2025-04-13T15:28:07+00:00 INFO Webhook cron execution completed.
2025-04-13T15:33:13+00:00 INFO Running webhook cron.
2025-04-13T15:33:13+00:00 INFO Webhook cron execution completed.
2025-04-13T15:38:09+00:00 INFO Running webhook cron.
2025-04-13T15:38:09+00:00 INFO Webhook cron execution completed.
2025-04-13T15:43:09+00:00 INFO Running webhook cron.
2025-04-13T15:43:09+00:00 INFO Webhook cron execution completed.
2025-04-13T15:48:11+00:00 INFO Running webhook cron.
2025-04-13T15:48:11+00:00 INFO Webhook cron execution completed.
2025-04-13T15:53:41+00:00 INFO Running webhook cron.
2025-04-13T15:53:41+00:00 INFO Webhook cron execution completed.
2025-04-13T15:58:33+00:00 INFO Running webhook cron.
2025-04-13T15:58:33+00:00 INFO Webhook cron execution completed.
2025-04-13T16:03:44+00:00 INFO Running webhook cron.
2025-04-13T16:03:44+00:00 INFO Webhook cron execution completed.
2025-04-13T16:08:35+00:00 INFO Running webhook cron.
2025-04-13T16:08:35+00:00 INFO Webhook cron execution completed.
2025-04-13T16:13:41+00:00 INFO Running webhook cron.
2025-04-13T16:13:41+00:00 INFO Webhook cron execution completed.
2025-04-13T16:18:32+00:00 INFO Running webhook cron.
2025-04-13T16:18:32+00:00 INFO Webhook cron execution completed.
2025-04-13T16:23:53+00:00 INFO Running webhook cron.
2025-04-13T16:23:53+00:00 INFO Webhook cron execution completed.
2025-04-13T16:29:53+00:00 INFO Running webhook cron.
2025-04-13T16:29:53+00:00 INFO Webhook cron execution completed.
2025-04-13T16:33:48+00:00 INFO Running webhook cron.
2025-04-13T16:33:48+00:00 INFO Webhook cron execution completed.
2025-04-13T16:39:04+00:00 INFO Running webhook cron.
2025-04-13T16:39:04+00:00 INFO Webhook cron execution completed.
2025-04-13T16:45:48+00:00 INFO Running webhook cron.
2025-04-13T16:45:48+00:00 INFO Webhook cron execution completed.
2025-04-13T16:48:12+00:00 ERROR Authentication failed
2025-04-13T16:48:17+00:00 INFO Running webhook cron.
2025-04-13T16:48:17+00:00 INFO Webhook cron execution completed.
2025-04-13T16:49:13+00:00 ERROR Authentication failed
2025-04-13T16:53:16+00:00 INFO Running webhook cron.
2025-04-13T16:53:16+00:00 INFO Webhook cron execution completed.
