2025-04-14T06:44:46+00:00 INFO Running webhook cron.
2025-04-14T06:44:47+00:00 INFO Webhook cron execution completed.
2025-04-14T06:44:47+00:00 INFO Execute one_cc_plugin_sync_cron successful
2025-04-14T06:44:48+00:00 ERROR Authentication failed
2025-04-14T06:49:52+00:00 INFO Running webhook cron.
2025-04-14T06:49:52+00:00 INFO Webhook cron execution completed.
2025-04-14T06:53:07+00:00 INFO Running webhook cron.
2025-04-14T06:53:07+00:00 INFO Webhook cron execution completed.
2025-04-14T06:53:50+00:00 ERROR Authentication failed
2025-04-14T06:59:52+00:00 INFO Running webhook cron.
2025-04-14T06:59:52+00:00 INFO Webhook cron execution completed.
2025-04-14T07:01:50+00:00 ERROR Authentication failed
2025-04-14T07:05:06+00:00 INFO Running webhook cron.
2025-04-14T07:05:06+00:00 INFO Webhook cron execution completed.
2025-04-14T07:08:06+00:00 INFO Running webhook cron.
2025-04-14T07:08:06+00:00 INFO Webhook cron execution completed.
2025-04-14T07:13:31+00:00 INFO Running webhook cron.
2025-04-14T07:13:31+00:00 INFO Webhook cron execution completed.
2025-04-14T07:19:35+00:00 INFO Running webhook cron.
2025-04-14T07:19:35+00:00 INFO Webhook cron execution completed.
2025-04-14T07:23:37+00:00 INFO Running webhook cron.
2025-04-14T07:23:38+00:00 INFO Webhook cron execution completed.
2025-04-14T07:30:17+00:00 INFO Running webhook cron.
2025-04-14T07:30:17+00:00 INFO Webhook cron execution completed.
2025-04-14T07:33:19+00:00 INFO Running webhook cron.
2025-04-14T07:33:19+00:00 INFO Webhook cron execution completed.
2025-04-14T07:39:09+00:00 INFO Running webhook cron.
2025-04-14T07:39:09+00:00 INFO Webhook cron execution completed.
2025-04-14T07:43:53+00:00 INFO Running webhook cron.
2025-04-14T07:43:53+00:00 INFO Webhook cron execution completed.
2025-04-14T07:49:38+00:00 INFO Running webhook cron.
2025-04-14T07:49:38+00:00 INFO Webhook cron execution completed.
2025-04-14T07:53:38+00:00 INFO Running webhook cron.
2025-04-14T07:53:38+00:00 INFO Webhook cron execution completed.
2025-04-14T07:58:32+00:00 INFO Running webhook cron.
2025-04-14T07:58:32+00:00 INFO Webhook cron execution completed.
2025-04-14T08:03:18+00:00 INFO Running webhook cron.
2025-04-14T08:03:18+00:00 INFO Webhook cron execution completed.
2025-04-14T08:08:19+00:00 INFO Running webhook cron.
2025-04-14T08:08:19+00:00 INFO Webhook cron execution completed.
2025-04-14T08:13:20+00:00 INFO Running webhook cron.
2025-04-14T08:13:21+00:00 INFO Webhook cron execution completed.
2025-04-14T08:19:01+00:00 INFO Running webhook cron.
2025-04-14T08:19:01+00:00 INFO Webhook cron execution completed.
2025-04-14T08:23:19+00:00 INFO Running webhook cron.
2025-04-14T08:23:19+00:00 INFO Webhook cron execution completed.
2025-04-14T08:28:11+00:00 INFO Running webhook cron.
2025-04-14T08:28:11+00:00 INFO Webhook cron execution completed.
2025-04-14T08:33:54+00:00 INFO Running webhook cron.
2025-04-14T08:33:54+00:00 INFO Webhook cron execution completed.
2025-04-14T08:39:31+00:00 INFO Running webhook cron.
2025-04-14T08:39:31+00:00 INFO Webhook cron execution completed.
2025-04-14T08:44:38+00:00 INFO Running webhook cron.
2025-04-14T08:44:38+00:00 INFO Webhook cron execution completed.
2025-04-14T08:48:16+00:00 INFO Running webhook cron.
2025-04-14T08:48:16+00:00 INFO Webhook cron execution completed.
2025-04-14T08:48:25+00:00 ERROR Authentication failed
2025-04-14T08:53:23+00:00 INFO Running webhook cron.
2025-04-14T08:53:23+00:00 INFO Webhook cron execution completed.
2025-04-14T08:58:07+00:00 INFO Running webhook cron.
2025-04-14T08:58:07+00:00 INFO Webhook cron execution completed.
2025-04-14T09:00:50+00:00 ERROR Authentication failed
2025-04-14T09:03:27+00:00 INFO Running webhook cron.
2025-04-14T09:03:28+00:00 INFO Webhook cron execution completed.
2025-04-14T09:03:45+00:00 ERROR Authentication failed
2025-04-14T10:00:41+00:00 INFO Running webhook cron.
2025-04-14T10:00:41+00:00 INFO Webhook cron execution completed.
2025-04-14T10:04:32+00:00 INFO Running webhook cron.
2025-04-14T10:04:32+00:00 INFO Webhook cron execution completed.
2025-04-14T10:45:30+00:00 INFO Running webhook cron.
2025-04-14T10:45:30+00:00 INFO Webhook cron execution completed.
2025-04-14T10:46:29+00:00 ERROR Authentication failed
2025-04-14T10:49:01+00:00 INFO Running webhook cron.
2025-04-14T10:49:01+00:00 INFO Webhook cron execution completed.
2025-04-14T10:50:54+00:00 ERROR Authentication failed
2025-04-14T10:53:24+00:00 INFO Running webhook cron.
2025-04-14T10:53:24+00:00 INFO Webhook cron execution completed.
2025-04-14T10:53:54+00:00 ERROR Authentication failed
2025-04-14T10:55:03+00:00 ERROR Authentication failed
2025-04-14T10:57:57+00:00 ERROR Authentication failed
2025-04-14T10:58:11+00:00 INFO Running webhook cron.
2025-04-14T10:58:11+00:00 INFO Webhook cron execution completed.
2025-04-14T11:03:41+00:00 INFO Running webhook cron.
2025-04-14T11:03:41+00:00 INFO Webhook cron execution completed.
2025-04-14T11:04:36+00:00 ERROR Authentication failed
2025-04-14T11:05:37+00:00 ERROR Authentication failed
2025-04-14T11:08:20+00:00 INFO Running webhook cron.
2025-04-14T11:08:20+00:00 INFO Webhook cron execution completed.
2025-04-14T11:10:39+00:00 ERROR Authentication failed
2025-04-14T11:13:15+00:00 INFO Running webhook cron.
2025-04-14T11:13:15+00:00 INFO Webhook cron execution completed.
2025-04-14T11:13:22+00:00 ERROR Authentication failed
2025-04-14T11:13:42+00:00 ERROR Authentication failed
2025-04-14T11:16:50+00:00 ERROR Authentication failed
2025-04-14T11:18:20+00:00 INFO Running webhook cron.
2025-04-14T11:18:20+00:00 INFO Webhook cron execution completed.
2025-04-14T11:19:30+00:00 ERROR Authentication failed
2025-04-14T11:20:04+00:00 ERROR Authentication failed
2025-04-14T11:20:32+00:00 ERROR Authentication failed
2025-04-14T11:23:13+00:00 ERROR Authentication failed
2025-04-14T11:23:15+00:00 INFO Running webhook cron.
2025-04-14T11:23:15+00:00 INFO Webhook cron execution completed.
2025-04-14T11:26:28+00:00 ERROR Authentication failed
2025-04-14T11:27:54+00:00 ERROR Authentication failed
2025-04-14T11:28:23+00:00 INFO Running webhook cron.
2025-04-14T11:28:23+00:00 INFO Webhook cron execution completed.
2025-04-14T11:31:00+00:00 ERROR Authentication failed
2025-04-14T11:33:32+00:00 INFO Running webhook cron.
2025-04-14T11:33:32+00:00 INFO Webhook cron execution completed.
2025-04-14T11:36:03+00:00 ERROR Authentication failed
2025-04-14T11:38:12+00:00 INFO Running webhook cron.
2025-04-14T11:38:12+00:00 INFO Webhook cron execution completed.
2025-04-14T11:38:54+00:00 ERROR Authentication failed
2025-04-14T11:41:58+00:00 ERROR Authentication failed
2025-04-14T11:43:30+00:00 INFO Running webhook cron.
2025-04-14T11:43:30+00:00 INFO Webhook cron execution completed.
2025-04-14T11:45:16+00:00 ERROR Authentication failed
2025-04-14T11:48:18+00:00 INFO Running webhook cron.
2025-04-14T11:48:18+00:00 INFO Webhook cron execution completed.
2025-04-14T11:53:18+00:00 INFO Running webhook cron.
2025-04-14T11:53:18+00:00 INFO Webhook cron execution completed.
2025-04-14T11:55:23+00:00 ERROR Authentication failed
2025-04-14T11:57:11+00:00 ERROR Authentication failed
2025-04-14T11:58:14+00:00 INFO Running webhook cron.
2025-04-14T11:58:14+00:00 INFO Webhook cron execution completed.
2025-04-14T11:58:18+00:00 ERROR Authentication failed
2025-04-14T12:00:03+00:00 ERROR Authentication failed
2025-04-14T12:04:27+00:00 ERROR Authentication failed
2025-04-14T12:04:32+00:00 INFO Running webhook cron.
2025-04-14T12:04:32+00:00 INFO Webhook cron execution completed.
2025-04-14T12:08:16+00:00 INFO Running webhook cron.
2025-04-14T12:08:16+00:00 INFO Webhook cron execution completed.
2025-04-14T12:09:00+00:00 ERROR Authentication failed
2025-04-14T12:11:46+00:00 ERROR Authentication failed
2025-04-14T12:13:23+00:00 INFO Running webhook cron.
2025-04-14T12:13:23+00:00 INFO Webhook cron execution completed.
2025-04-14T12:14:45+00:00 ERROR Authentication failed
2025-04-14T12:15:41+00:00 ERROR Authentication failed
2025-04-14T12:16:14+00:00 ERROR Authentication failed
2025-04-14T12:19:22+00:00 INFO Running webhook cron.
2025-04-14T12:19:22+00:00 INFO Webhook cron execution completed.
2025-04-14T12:20:58+00:00 ERROR Authentication failed
2025-04-14T12:23:16+00:00 INFO Running webhook cron.
2025-04-14T12:23:16+00:00 INFO Webhook cron execution completed.
2025-04-14T12:28:24+00:00 INFO Running webhook cron.
2025-04-14T12:28:24+00:00 INFO Webhook cron execution completed.
2025-04-14T12:28:29+00:00 ERROR Authentication failed
2025-04-14T12:29:42+00:00 ERROR Authentication failed
2025-04-14T12:30:39+00:00 ERROR Authentication failed
2025-04-14T12:31:00+00:00 ERROR Authentication failed
2025-04-14T12:32:47+00:00 ERROR cURL error 28: Resolving timed out after 10013 milliseconds
2025-04-14T12:33:38+00:00 INFO Running webhook cron.
2025-04-14T12:33:38+00:00 INFO Webhook cron execution completed.
2025-04-14T12:38:23+00:00 INFO Running webhook cron.
2025-04-14T12:38:23+00:00 INFO Webhook cron execution completed.
2025-04-14T12:43:27+00:00 INFO Running webhook cron.
2025-04-14T12:43:27+00:00 INFO Webhook cron execution completed.
2025-04-14T12:48:14+00:00 INFO Running webhook cron.
2025-04-14T12:48:14+00:00 INFO Webhook cron execution completed.
2025-04-14T12:53:25+00:00 INFO Running webhook cron.
2025-04-14T12:53:25+00:00 INFO Webhook cron execution completed.
2025-04-14T12:58:24+00:00 INFO Running webhook cron.
2025-04-14T12:58:24+00:00 INFO Webhook cron execution completed.
2025-04-14T13:03:18+00:00 INFO Running webhook cron.
2025-04-14T13:03:18+00:00 INFO Webhook cron execution completed.
2025-04-14T13:09:21+00:00 INFO Running webhook cron.
2025-04-14T13:09:21+00:00 INFO Webhook cron execution completed.
